exports[`simple snapshot 1`] = `
<div
  className="SimpleWrapper">
  baz
  <button
    onClick={[Function]}>
    kliknij
  </button>
</div>
`;
